Archive member included because of file (symbol)

c:/program files (x86)/gnu tools arm embedded/4.9 2015q3/bin/../lib/gcc/arm-none-eabi/4.9.3/armv7e-m\libgcc.a(_arm_addsubsf3.o)
                              ..\obj\main.o (__aeabi_fsub)
c:/program files (x86)/gnu tools arm embedded/4.9 2015q3/bin/../lib/gcc/arm-none-eabi/4.9.3/armv7e-m\libgcc.a(_arm_muldivsf3.o)
                              ..\obj\main.o (__aeabi_fmul)
c:/program files (x86)/gnu tools arm embedded/4.9 2015q3/bin/../lib/gcc/arm-none-eabi/4.9.3/armv7e-m\libgcc.a(_arm_cmpsf2.o)
                              ..\obj\main.o (__aeabi_fcmplt)
c:/program files (x86)/gnu tools arm embedded/4.9 2015q3/bin/../lib/gcc/arm-none-eabi/4.9.3/armv7e-m\libgcc.a(_arm_fixunssfsi.o)
                              ..\obj\main.o (__aeabi_f2uiz)

Allocating common symbols
Common symbol       size              file

timeresults         0x2               ..\obj\main.o
InterruptRegisterValue
                    0x2               ..\obj\main.o

Discarded input sections

 .text          0x00000000        0x0 ..\obj\stm32f30x_rcc.o
 .bss           0x00000000        0x0 ..\obj\stm32f30x_rcc.o
 .text.RCC_DeInit
                0x00000000       0x7c ..\obj\stm32f30x_rcc.o
 .text.RCC_HSEConfig
                0x00000000       0x24 ..\obj\stm32f30x_rcc.o
 .text.RCC_WaitForHSEStartUp
                0x00000000       0x50 ..\obj\stm32f30x_rcc.o
 .text.RCC_AdjustHSICalibrationValue
                0x00000000       0x3c ..\obj\stm32f30x_rcc.o
 .text.RCC_HSICmd
                0x00000000       0x20 ..\obj\stm32f30x_rcc.o
 .text.RCC_LSEConfig
                0x00000000       0x3c ..\obj\stm32f30x_rcc.o
 .text.RCC_LSEDriveConfig
                0x00000000       0x30 ..\obj\stm32f30x_rcc.o
 .text.RCC_LSICmd
                0x00000000       0x20 ..\obj\stm32f30x_rcc.o
 .text.RCC_PLLConfig
                0x00000000       0x34 ..\obj\stm32f30x_rcc.o
 .text.RCC_PLLCmd
                0x00000000       0x20 ..\obj\stm32f30x_rcc.o
 .text.RCC_PREDIV1Config
                0x00000000       0x38 ..\obj\stm32f30x_rcc.o
 .text.RCC_ClockSecuritySystemCmd
                0x00000000       0x20 ..\obj\stm32f30x_rcc.o
 .text.RCC_MCOConfig
                0x00000000       0x20 ..\obj\stm32f30x_rcc.o
 .text.RCC_SYSCLKConfig
                0x00000000       0x38 ..\obj\stm32f30x_rcc.o
 .text.RCC_GetSYSCLKSource
                0x00000000       0x20 ..\obj\stm32f30x_rcc.o
 .text.RCC_HCLKConfig
                0x00000000       0x38 ..\obj\stm32f30x_rcc.o
 .text.RCC_PCLK1Config
                0x00000000       0x38 ..\obj\stm32f30x_rcc.o
 .text.RCC_PCLK2Config
                0x00000000       0x38 ..\obj\stm32f30x_rcc.o
 .text.RCC_ADCCLKConfig
                0x00000000       0x4c ..\obj\stm32f30x_rcc.o
 .text.RCC_I2CCLKConfig
                0x00000000       0x4c ..\obj\stm32f30x_rcc.o
 .text.RCC_TIMCLKConfig
                0x00000000       0x4c ..\obj\stm32f30x_rcc.o
 .text.RCC_USARTCLKConfig
                0x00000000       0x98 ..\obj\stm32f30x_rcc.o
 .text.RCC_USBCLKConfig
                0x00000000       0x1c ..\obj\stm32f30x_rcc.o
 .text.RCC_RTCCLKConfig
                0x00000000       0x24 ..\obj\stm32f30x_rcc.o
 .text.RCC_I2SCLKConfig
                0x00000000       0x1c ..\obj\stm32f30x_rcc.o
 .text.RCC_RTCCLKCmd
                0x00000000       0x20 ..\obj\stm32f30x_rcc.o
 .text.RCC_BackupResetCmd
                0x00000000       0x20 ..\obj\stm32f30x_rcc.o
 .text.RCC_AHBPeriphResetCmd
                0x00000000       0x3c ..\obj\stm32f30x_rcc.o
 .text.RCC_ITConfig
                0x00000000       0x4c ..\obj\stm32f30x_rcc.o
 .text.RCC_GetFlagStatus
                0x00000000       0x84 ..\obj\stm32f30x_rcc.o
 .text.RCC_ClearFlag
                0x00000000       0x1c ..\obj\stm32f30x_rcc.o
 .text.RCC_GetITStatus
                0x00000000       0x38 ..\obj\stm32f30x_rcc.o
 .text.RCC_ClearITPendingBit
                0x00000000       0x20 ..\obj\stm32f30x_rcc.o
 .text          0x00000000        0x0 ..\obj\stm32f30x_adc.o
 .data          0x00000000        0x0 ..\obj\stm32f30x_adc.o
 .bss           0x00000000        0x0 ..\obj\stm32f30x_adc.o
 .text.ADC_DeInit
                0x00000000       0x64 ..\obj\stm32f30x_adc.o
 .text.ADC_Init
                0x00000000       0x80 ..\obj\stm32f30x_adc.o
 .text.ADC_StructInit
                0x00000000       0x44 ..\obj\stm32f30x_adc.o
 .text.ADC_InjectedInit
                0x00000000       0x60 ..\obj\stm32f30x_adc.o
 .text.ADC_InjectedStructInit
                0x00000000       0x3c ..\obj\stm32f30x_adc.o
 .text.ADC_CommonInit
                0x00000000       0x9c ..\obj\stm32f30x_adc.o
 .text.ADC_CommonStructInit
                0x00000000       0x30 ..\obj\stm32f30x_adc.o
 .text.ADC_Cmd  0x00000000       0x38 ..\obj\stm32f30x_adc.o
 .text.ADC_StartCalibration
                0x00000000       0x20 ..\obj\stm32f30x_adc.o
 .text.ADC_GetCalibrationValue
                0x00000000       0x1c ..\obj\stm32f30x_adc.o
 .text.ADC_SetCalibrationValue
                0x00000000       0x1c ..\obj\stm32f30x_adc.o
 .text.ADC_SelectCalibrationMode
                0x00000000       0x2c ..\obj\stm32f30x_adc.o
 .text.ADC_GetCalibrationStatus
                0x00000000       0x2c ..\obj\stm32f30x_adc.o
 .text.ADC_DisableCmd
                0x00000000       0x20 ..\obj\stm32f30x_adc.o
 .text.ADC_GetDisableCmdStatus
                0x00000000       0x30 ..\obj\stm32f30x_adc.o
 .text.ADC_VoltageRegulatorCmd
                0x00000000       0x44 ..\obj\stm32f30x_adc.o
 .text.ADC_SelectDifferentialMode
                0x00000000       0x50 ..\obj\stm32f30x_adc.o
 .text.ADC_SelectQueueOfContextMode
                0x00000000       0x38 ..\obj\stm32f30x_adc.o
 .text.ADC_AutoDelayCmd
                0x00000000       0x38 ..\obj\stm32f30x_adc.o
 .text.ADC_AnalogWatchdogCmd
                0x00000000       0x34 ..\obj\stm32f30x_adc.o
 .text.ADC_AnalogWatchdog1ThresholdsConfig
                0x00000000       0x54 ..\obj\stm32f30x_adc.o
 .text.ADC_AnalogWatchdog2ThresholdsConfig
                0x00000000       0x4c ..\obj\stm32f30x_adc.o
 .text.ADC_AnalogWatchdog3ThresholdsConfig
                0x00000000       0x4c ..\obj\stm32f30x_adc.o
 .text.ADC_AnalogWatchdog1SingleChannelConfig
                0x00000000       0x38 ..\obj\stm32f30x_adc.o
 .text.ADC_AnalogWatchdog2SingleChannelConfig
                0x00000000       0x4c ..\obj\stm32f30x_adc.o
 .text.ADC_AnalogWatchdog3SingleChannelConfig
                0x00000000       0x4c ..\obj\stm32f30x_adc.o
 .text.ADC_TempSensorCmd
                0x00000000       0x74 ..\obj\stm32f30x_adc.o
 .text.ADC_VrefintCmd
                0x00000000       0x74 ..\obj\stm32f30x_adc.o
 .text.ADC_VbatCmd
                0x00000000       0x74 ..\obj\stm32f30x_adc.o
 .text.ADC_RegularChannelConfig
                0x00000000      0x1f0 ..\obj\stm32f30x_adc.o
 .text.ADC_RegularChannelSequencerLengthConfig
                0x00000000       0x30 ..\obj\stm32f30x_adc.o
 .text.ADC_ExternalTriggerConfig
                0x00000000       0x38 ..\obj\stm32f30x_adc.o
 .text.ADC_StartConversion
                0x00000000       0x20 ..\obj\stm32f30x_adc.o
 .text.ADC_GetStartConversionStatus
                0x00000000       0x30 ..\obj\stm32f30x_adc.o
 .text.ADC_StopConversion
                0x00000000       0x20 ..\obj\stm32f30x_adc.o
 .text.ADC_DiscModeChannelCountConfig
                0x00000000       0x44 ..\obj\stm32f30x_adc.o
 .text.ADC_DiscModeCmd
                0x00000000       0x38 ..\obj\stm32f30x_adc.o
 .text.ADC_GetConversionValue
                0x00000000       0x1c ..\obj\stm32f30x_adc.o
 .text.ADC_GetDualModeConversionValue
                0x00000000       0x44 ..\obj\stm32f30x_adc.o
 .text.ADC_SetChannelOffset1
                0x00000000       0x50 ..\obj\stm32f30x_adc.o
 .text.ADC_SetChannelOffset2
                0x00000000       0x50 ..\obj\stm32f30x_adc.o
 .text.ADC_SetChannelOffset3
                0x00000000       0x50 ..\obj\stm32f30x_adc.o
 .text.ADC_SetChannelOffset4
                0x00000000       0x50 ..\obj\stm32f30x_adc.o
 .text.ADC_ChannelOffset1Cmd
                0x00000000       0x38 ..\obj\stm32f30x_adc.o
 .text.ADC_ChannelOffset2Cmd
                0x00000000       0x38 ..\obj\stm32f30x_adc.o
 .text.ADC_ChannelOffset3Cmd
                0x00000000       0x38 ..\obj\stm32f30x_adc.o
 .text.ADC_ChannelOffset4Cmd
                0x00000000       0x38 ..\obj\stm32f30x_adc.o
 .text.ADC_DMACmd
                0x00000000       0x38 ..\obj\stm32f30x_adc.o
 .text.ADC_DMAConfig
                0x00000000       0x2c ..\obj\stm32f30x_adc.o
 .text.ADC_InjectedChannelSampleTimeConfig
                0x00000000       0xa0 ..\obj\stm32f30x_adc.o
 .text.ADC_StartInjectedConversion
                0x00000000       0x20 ..\obj\stm32f30x_adc.o
 .text.ADC_StopInjectedConversion
                0x00000000       0x20 ..\obj\stm32f30x_adc.o
 .text.ADC_GetStartInjectedConversionStatus
                0x00000000       0x30 ..\obj\stm32f30x_adc.o
 .text.ADC_AutoInjectedConvCmd
                0x00000000       0x38 ..\obj\stm32f30x_adc.o
 .text.ADC_InjectedDiscModeCmd
                0x00000000       0x38 ..\obj\stm32f30x_adc.o
 .text.ADC_GetInjectedConversionValue
                0x00000000       0x38 ..\obj\stm32f30x_adc.o
 .text.ADC_ITConfig
                0x00000000       0x3c ..\obj\stm32f30x_adc.o
 .text.ADC_GetFlagStatus
                0x00000000       0x34 ..\obj\stm32f30x_adc.o
 .text.ADC_ClearFlag
                0x00000000       0x1c ..\obj\stm32f30x_adc.o
 .text.ADC_GetCommonFlagStatus
                0x00000000       0x60 ..\obj\stm32f30x_adc.o
 .text.ADC_ClearCommonFlag
                0x00000000       0x4c ..\obj\stm32f30x_adc.o
 .text.ADC_GetITStatus
                0x00000000       0x58 ..\obj\stm32f30x_adc.o
 .text.ADC_ClearITPendingBit
                0x00000000       0x20 ..\obj\stm32f30x_adc.o
 .debug_info    0x00000000     0x1317 ..\obj\stm32f30x_adc.o
 .debug_abbrev  0x00000000      0x190 ..\obj\stm32f30x_adc.o
 .debug_aranges
                0x00000000      0x210 ..\obj\stm32f30x_adc.o
 .debug_ranges  0x00000000      0x200 ..\obj\stm32f30x_adc.o
 .debug_line    0x00000000      0x79f ..\obj\stm32f30x_adc.o
 .debug_str     0x00000000      0xb8c ..\obj\stm32f30x_adc.o
 .comment       0x00000000       0x71 ..\obj\stm32f30x_adc.o
 .debug_frame   0x00000000      0x9e4 ..\obj\stm32f30x_adc.o
 .ARM.attributes
                0x00000000       0x33 ..\obj\stm32f30x_adc.o
 .text          0x00000000        0x0 ..\obj\stm32f30x_gpio.o
 .data          0x00000000        0x0 ..\obj\stm32f30x_gpio.o
 .bss           0x00000000        0x0 ..\obj\stm32f30x_gpio.o
 .text.GPIO_DeInit
                0x00000000       0xd4 ..\obj\stm32f30x_gpio.o
 .text.GPIO_StructInit
                0x00000000       0x34 ..\obj\stm32f30x_gpio.o
 .text.GPIO_PinLockConfig
                0x00000000       0x44 ..\obj\stm32f30x_gpio.o
 .text.GPIO_ReadInputDataBit
                0x00000000       0x38 ..\obj\stm32f30x_gpio.o
 .text.GPIO_ReadInputData
                0x00000000       0x1c ..\obj\stm32f30x_gpio.o
 .text.GPIO_ReadOutputDataBit
                0x00000000       0x38 ..\obj\stm32f30x_gpio.o
 .text.GPIO_ReadOutputData
                0x00000000       0x1c ..\obj\stm32f30x_gpio.o
 .text.GPIO_WriteBit
                0x00000000       0x30 ..\obj\stm32f30x_gpio.o
 .text.GPIO_Write
                0x00000000       0x1c ..\obj\stm32f30x_gpio.o
 .text          0x00000000        0x0 ..\obj\main.o
 .data          0x00000000        0x0 ..\obj\main.o
 .text.ucSPIInit
                0x00000000       0xd4 ..\obj\main.o
 .text.uartwriteuint
                0x00000000       0xe4 ..\obj\main.o
 .text.uartwritefloat
                0x00000000      0x2b0 ..\obj\main.o
 COMMON         0x00000000        0x4 ..\obj\main.o
 .text          0x00000000        0x0 ..\obj\stm32f30x_dma.o
 .data          0x00000000        0x0 ..\obj\stm32f30x_dma.o
 .bss           0x00000000        0x0 ..\obj\stm32f30x_dma.o
 .text.DMA_DeInit
                0x00000000      0x178 ..\obj\stm32f30x_dma.o
 .text.DMA_Init
                0x00000000       0x80 ..\obj\stm32f30x_dma.o
 .text.DMA_StructInit
                0x00000000       0x54 ..\obj\stm32f30x_dma.o
 .text.DMA_Cmd  0x00000000       0x38 ..\obj\stm32f30x_dma.o
 .text.DMA_SetCurrDataCounter
                0x00000000       0x1c ..\obj\stm32f30x_dma.o
 .text.DMA_GetCurrDataCounter
                0x00000000       0x1c ..\obj\stm32f30x_dma.o
 .text.DMA_ITConfig
                0x00000000       0x3c ..\obj\stm32f30x_dma.o
 .text.DMA_GetFlagStatus
                0x00000000       0x54 ..\obj\stm32f30x_dma.o
 .text.DMA_ClearFlag
                0x00000000       0x34 ..\obj\stm32f30x_dma.o
 .text.DMA_GetITStatus
                0x00000000       0x54 ..\obj\stm32f30x_dma.o
 .text.DMA_ClearITPendingBit
                0x00000000       0x34 ..\obj\stm32f30x_dma.o
 .debug_info    0x00000000      0x473 ..\obj\stm32f30x_dma.o
 .debug_abbrev  0x00000000      0x155 ..\obj\stm32f30x_dma.o
 .debug_aranges
                0x00000000       0x70 ..\obj\stm32f30x_dma.o
 .debug_ranges  0x00000000       0x60 ..\obj\stm32f30x_dma.o
 .debug_line    0x00000000      0x2e0 ..\obj\stm32f30x_dma.o
 .debug_str     0x00000000      0x3b9 ..\obj\stm32f30x_dma.o
 .comment       0x00000000       0x71 ..\obj\stm32f30x_dma.o
 .debug_frame   0x00000000      0x1c8 ..\obj\stm32f30x_dma.o
 .ARM.attributes
                0x00000000       0x33 ..\obj\stm32f30x_dma.o
 .text          0x00000000        0x0 ..\obj\printf.o
 .data          0x00000000      0x42c ..\obj\printf.o
 .bss           0x00000000        0x0 ..\obj\printf.o
 .text.PrintChar
                0x00000000       0x14 ..\obj\printf.o
 .text.PutChar  0x00000000       0x20 ..\obj\printf.o
 .text.PutString
                0x00000000       0x3c ..\obj\printf.o
 .text.PutUnsignedInt
                0x00000000       0xa0 ..\obj\printf.o
 .text.PutSignedInt
                0x00000000      0x104 ..\obj\printf.o
 .text.PutHexa  0x00000000       0xd8 ..\obj\printf.o
 .text.vsnprintf
                0x00000000      0x25c ..\obj\printf.o
 .text.snprintf
                0x00000000       0x30 ..\obj\printf.o
 .text.vsprintf
                0x00000000       0x24 ..\obj\printf.o
 .rodata        0x00000000       0x24 ..\obj\printf.o
 .text.vfprintf
                0x00000000       0x68 ..\obj\printf.o
 .text.vprintf  0x00000000       0x28 ..\obj\printf.o
 .text.fprintf  0x00000000       0x2c ..\obj\printf.o
 .text.printf   0x00000000       0x28 ..\obj\printf.o
 .text.sprintf  0x00000000       0x2c ..\obj\printf.o
 .text.puts     0x00000000       0x24 ..\obj\printf.o
 .text.fputc    0x00000000       0x40 ..\obj\printf.o
 .text.fputs    0x00000000       0x48 ..\obj\printf.o
 .debug_info    0x00000000      0xe38 ..\obj\printf.o
 .debug_abbrev  0x00000000      0x27e ..\obj\printf.o
 .debug_aranges
                0x00000000       0xa0 ..\obj\printf.o
 .debug_ranges  0x00000000       0x90 ..\obj\printf.o
 .debug_line    0x00000000      0x36a ..\obj\printf.o
 .debug_str     0x00000000      0x643 ..\obj\printf.o
 .comment       0x00000000       0x71 ..\obj\printf.o
 .debug_frame   0x00000000      0x2e0 ..\obj\printf.o
 .ARM.attributes
                0x00000000       0x33 ..\obj\printf.o
 .text          0x00000000        0x0 ..\obj\stm32f30x_spi.o
 .data          0x00000000        0x0 ..\obj\stm32f30x_spi.o
 .bss           0x00000000        0x0 ..\obj\stm32f30x_spi.o
 .text.SPI_StructInit
                0x00000000       0x4c ..\obj\stm32f30x_spi.o
 .text.I2S_StructInit
                0x00000000       0x38 ..\obj\stm32f30x_spi.o
 .text.I2S_Init
                0x00000000      0x17c ..\obj\stm32f30x_spi.o
 .text.SPI_TIModeCmd
                0x00000000       0x40 ..\obj\stm32f30x_spi.o
 .text.I2S_Cmd  0x00000000       0x40 ..\obj\stm32f30x_spi.o
 .text.SPI_DataSizeConfig
                0x00000000       0x38 ..\obj\stm32f30x_spi.o
 .text.SPI_BiDirectionalLineConfig
                0x00000000       0x40 ..\obj\stm32f30x_spi.o
 .text.SPI_NSSInternalSoftwareConfig
                0x00000000       0x44 ..\obj\stm32f30x_spi.o
 .text.I2S_FullDuplexConfig
                0x00000000       0x9c ..\obj\stm32f30x_spi.o
 .text.SPI_SSOutputCmd
                0x00000000       0x40 ..\obj\stm32f30x_spi.o
 .text.SPI_NSSPulseModeCmd
                0x00000000       0x40 ..\obj\stm32f30x_spi.o
 .text.SPI_I2S_SendData16
                0x00000000       0x1c ..\obj\stm32f30x_spi.o
 .text.SPI_I2S_ReceiveData16
                0x00000000       0x1c ..\obj\stm32f30x_spi.o
 .text.SPI_CRCLengthConfig
                0x00000000       0x38 ..\obj\stm32f30x_spi.o
 .text.SPI_CalculateCRC
                0x00000000       0x40 ..\obj\stm32f30x_spi.o
 .text.SPI_TransmitCRC
                0x00000000       0x24 ..\obj\stm32f30x_spi.o
 .text.SPI_GetCRC
                0x00000000       0x34 ..\obj\stm32f30x_spi.o
 .text.SPI_GetCRCPolynomial
                0x00000000       0x1c ..\obj\stm32f30x_spi.o
 .text.SPI_I2S_DMACmd
                0x00000000       0x48 ..\obj\stm32f30x_spi.o
 .text.SPI_LastDMATransferCmd
                0x00000000       0x38 ..\obj\stm32f30x_spi.o
 .text.SPI_I2S_ITConfig
                0x00000000       0x60 ..\obj\stm32f30x_spi.o
 .text.SPI_GetTransmissionFIFOStatus
                0x00000000       0x20 ..\obj\stm32f30x_spi.o
 .text.SPI_GetReceptionFIFOStatus
                0x00000000       0x20 ..\obj\stm32f30x_spi.o
 .text.SPI_I2S_ClearFlag
                0x00000000       0x20 ..\obj\stm32f30x_spi.o
 .text.SPI_I2S_GetITStatus
                0x00000000       0x78 ..\obj\stm32f30x_spi.o
 .text          0x00000000        0x0 ..\obj\stm32f30x_i2c.o
 .data          0x00000000        0x0 ..\obj\stm32f30x_i2c.o
 .bss           0x00000000        0x0 ..\obj\stm32f30x_i2c.o
 .text.I2C_DeInit
                0x00000000       0x44 ..\obj\stm32f30x_i2c.o
 .text.I2C_Init
                0x00000000       0xc8 ..\obj\stm32f30x_i2c.o
 .text.I2C_StructInit
                0x00000000       0x40 ..\obj\stm32f30x_i2c.o
 .text.I2C_Cmd  0x00000000       0x38 ..\obj\stm32f30x_i2c.o
 .text.I2C_SoftwareResetCmd
                0x00000000       0x30 ..\obj\stm32f30x_i2c.o
 .text.I2C_ITConfig
                0x00000000       0x3c ..\obj\stm32f30x_i2c.o
 .text.I2C_StretchClockCmd
                0x00000000       0x38 ..\obj\stm32f30x_i2c.o
 .text.I2C_StopModeCmd
                0x00000000       0x38 ..\obj\stm32f30x_i2c.o
 .text.I2C_DualAddressCmd
                0x00000000       0x38 ..\obj\stm32f30x_i2c.o
 .text.I2C_OwnAddress2Config
                0x00000000       0x4c ..\obj\stm32f30x_i2c.o
 .text.I2C_GeneralCallCmd
                0x00000000       0x38 ..\obj\stm32f30x_i2c.o
 .text.I2C_SlaveByteControlCmd
                0x00000000       0x38 ..\obj\stm32f30x_i2c.o
 .text.I2C_SlaveAddressConfig
                0x00000000       0x40 ..\obj\stm32f30x_i2c.o
 .text.I2C_10BitAddressingModeCmd
                0x00000000       0x38 ..\obj\stm32f30x_i2c.o
 .text.I2C_AutoEndCmd
                0x00000000       0x38 ..\obj\stm32f30x_i2c.o
 .text.I2C_ReloadCmd
                0x00000000       0x38 ..\obj\stm32f30x_i2c.o
 .text.I2C_NumberOfBytesConfig
                0x00000000       0x3c ..\obj\stm32f30x_i2c.o
 .text.I2C_MasterRequestConfig
                0x00000000       0x38 ..\obj\stm32f30x_i2c.o
 .text.I2C_GenerateSTART
                0x00000000       0x38 ..\obj\stm32f30x_i2c.o
 .text.I2C_GenerateSTOP
                0x00000000       0x38 ..\obj\stm32f30x_i2c.o
 .text.I2C_10BitAddressHeaderCmd
                0x00000000       0x38 ..\obj\stm32f30x_i2c.o
 .text.I2C_AcknowledgeConfig
                0x00000000       0x38 ..\obj\stm32f30x_i2c.o
 .text.I2C_GetAddressMatched
                0x00000000       0x20 ..\obj\stm32f30x_i2c.o
 .text.I2C_GetTransferDirection
                0x00000000       0x3c ..\obj\stm32f30x_i2c.o
 .text.I2C_TransferHandling
                0x00000000       0x58 ..\obj\stm32f30x_i2c.o
 .text.I2C_SMBusAlertCmd
                0x00000000       0x38 ..\obj\stm32f30x_i2c.o
 .text.I2C_ClockTimeoutCmd
                0x00000000       0x38 ..\obj\stm32f30x_i2c.o
 .text.I2C_ExtendedClockTimeoutCmd
                0x00000000       0x38 ..\obj\stm32f30x_i2c.o
 .text.I2C_IdleClockTimeoutCmd
                0x00000000       0x38 ..\obj\stm32f30x_i2c.o
 .text.I2C_TimeoutAConfig
                0x00000000       0x40 ..\obj\stm32f30x_i2c.o
 .text.I2C_TimeoutBConfig
                0x00000000       0x44 ..\obj\stm32f30x_i2c.o
 .text.I2C_CalculatePEC
                0x00000000       0x38 ..\obj\stm32f30x_i2c.o
 .text.I2C_PECRequestCmd
                0x00000000       0x38 ..\obj\stm32f30x_i2c.o
 .text.I2C_GetPEC
                0x00000000       0x1c ..\obj\stm32f30x_i2c.o
 .text.I2C_ReadRegister
                0x00000000       0x2c ..\obj\stm32f30x_i2c.o
 .text.I2C_SendData
                0x00000000       0x1c ..\obj\stm32f30x_i2c.o
 .text.I2C_ReceiveData
                0x00000000       0x1c ..\obj\stm32f30x_i2c.o
 .text.I2C_DMACmd
                0x00000000       0x3c ..\obj\stm32f30x_i2c.o
 .text.I2C_GetFlagStatus
                0x00000000       0x40 ..\obj\stm32f30x_i2c.o
 .text.I2C_ClearFlag
                0x00000000       0x1c ..\obj\stm32f30x_i2c.o
 .text.I2C_GetITStatus
                0x00000000       0x80 ..\obj\stm32f30x_i2c.o
 .text.I2C_ClearITPendingBit
                0x00000000       0x1c ..\obj\stm32f30x_i2c.o
 .debug_info    0x00000000      0xbde ..\obj\stm32f30x_i2c.o
 .debug_abbrev  0x00000000      0x17e ..\obj\stm32f30x_i2c.o
 .debug_aranges
                0x00000000      0x168 ..\obj\stm32f30x_i2c.o
 .debug_ranges  0x00000000      0x158 ..\obj\stm32f30x_i2c.o
 .debug_line    0x00000000      0x54a ..\obj\stm32f30x_i2c.o
 .debug_str     0x00000000      0x649 ..\obj\stm32f30x_i2c.o
 .comment       0x00000000       0x71 ..\obj\stm32f30x_i2c.o
 .debug_frame   0x00000000      0x69c ..\obj\stm32f30x_i2c.o
 .ARM.attributes
                0x00000000       0x33 ..\obj\stm32f30x_i2c.o
 .text          0x00000000        0x0 ..\obj\system_stm32f30x_temp.o
 .data          0x00000000       0x14 ..\obj\system_stm32f30x_temp.o
 .bss           0x00000000        0x0 ..\obj\system_stm32f30x_temp.o
 .text.SystemCoreClockUpdate1
                0x00000000       0xd4 ..\obj\system_stm32f30x_temp.o
 .text          0x00000000        0x0 ..\obj\stm32f30x_rtc.o
 .data          0x00000000        0x0 ..\obj\stm32f30x_rtc.o
 .bss           0x00000000        0x0 ..\obj\stm32f30x_rtc.o
 .text.RTC_DeInit
                0x00000000       0xec ..\obj\stm32f30x_rtc.o
 .text.RTC_Init
                0x00000000       0x78 ..\obj\stm32f30x_rtc.o
 .text.RTC_StructInit
                0x00000000       0x24 ..\obj\stm32f30x_rtc.o
 .text.RTC_WriteProtectionCmd
                0x00000000       0x34 ..\obj\stm32f30x_rtc.o
 .text.RTC_EnterInitMode
                0x00000000       0x74 ..\obj\stm32f30x_rtc.o
 .text.RTC_ExitInitMode
                0x00000000       0x1c ..\obj\stm32f30x_rtc.o
 .text.RTC_WaitForSynchro
                0x00000000       0x88 ..\obj\stm32f30x_rtc.o
 .text.RTC_RefClockCmd
                0x00000000       0x68 ..\obj\stm32f30x_rtc.o
 .text.RTC_BypassShadowCmd
                0x00000000       0x4c ..\obj\stm32f30x_rtc.o
 .text.RTC_SetTime
                0x00000000      0x114 ..\obj\stm32f30x_rtc.o
 .text.RTC_TimeStructInit
                0x00000000       0x2c ..\obj\stm32f30x_rtc.o
 .text.RTC_GetTime
                0x00000000       0x9c ..\obj\stm32f30x_rtc.o
 .text.RTC_GetSubSecond
                0x00000000       0x28 ..\obj\stm32f30x_rtc.o
 .text.RTC_SetDate
                0x00000000      0x120 ..\obj\stm32f30x_rtc.o
 .text.RTC_DateStructInit
                0x00000000       0x2c ..\obj\stm32f30x_rtc.o
 .text.RTC_GetDate
                0x00000000       0xa4 ..\obj\stm32f30x_rtc.o
 .text.RTC_SetAlarm
                0x00000000      0x138 ..\obj\stm32f30x_rtc.o
 .text.RTC_AlarmStructInit
                0x00000000       0x3c ..\obj\stm32f30x_rtc.o
 .text.RTC_GetAlarm
                0x00000000       0xd8 ..\obj\stm32f30x_rtc.o
 .text.RTC_AlarmCmd
                0x00000000       0x9c ..\obj\stm32f30x_rtc.o
 .text.RTC_AlarmSubSecondConfig
                0x00000000       0x50 ..\obj\stm32f30x_rtc.o
 .text.RTC_GetAlarmSubSecond
                0x00000000       0x3c ..\obj\stm32f30x_rtc.o
 .text.RTC_WakeUpClockConfig
                0x00000000       0x40 ..\obj\stm32f30x_rtc.o
 .text.RTC_SetWakeUpCounter
                0x00000000       0x30 ..\obj\stm32f30x_rtc.o
 .text.RTC_GetWakeUpCounter
                0x00000000       0x18 ..\obj\stm32f30x_rtc.o
 .text.RTC_WakeUpCmd
                0x00000000       0x94 ..\obj\stm32f30x_rtc.o
 .text.RTC_DayLightSavingConfig
                0x00000000       0x48 ..\obj\stm32f30x_rtc.o
 .text.RTC_GetStoreOperation
                0x00000000       0x1c ..\obj\stm32f30x_rtc.o
 .text.RTC_OutputConfig
                0x00000000       0x48 ..\obj\stm32f30x_rtc.o
 .text.RTC_CalibOutputCmd
                0x00000000       0x4c ..\obj\stm32f30x_rtc.o
 .text.RTC_CalibOutputConfig
                0x00000000       0x40 ..\obj\stm32f30x_rtc.o
 .text.RTC_SmoothCalibConfig
                0x00000000       0x84 ..\obj\stm32f30x_rtc.o
 .text.RTC_TimeStampCmd
                0x00000000       0x60 ..\obj\stm32f30x_rtc.o
 .text.RTC_GetTimeStamp
                0x00000000      0x114 ..\obj\stm32f30x_rtc.o
 .text.RTC_GetTimeStampSubSecond
                0x00000000       0x18 ..\obj\stm32f30x_rtc.o
 .text.RTC_TamperTriggerConfig
                0x00000000       0x40 ..\obj\stm32f30x_rtc.o
 .text.RTC_TamperCmd
                0x00000000       0x3c ..\obj\stm32f30x_rtc.o
 .text.RTC_TamperFilterConfig
                0x00000000       0x30 ..\obj\stm32f30x_rtc.o
 .text.RTC_TamperSamplingFreqConfig
                0x00000000       0x30 ..\obj\stm32f30x_rtc.o
 .text.RTC_TamperPinsPrechargeDuration
                0x00000000       0x30 ..\obj\stm32f30x_rtc.o
 .text.RTC_TimeStampOnTamperDetectionCmd
                0x00000000       0x38 ..\obj\stm32f30x_rtc.o
 .text.RTC_TamperPullUpCmd
                0x00000000       0x38 ..\obj\stm32f30x_rtc.o
 .text.RTC_WriteBackupRegister
                0x00000000       0x34 ..\obj\stm32f30x_rtc.o
 .text.RTC_ReadBackupRegister
                0x00000000       0x30 ..\obj\stm32f30x_rtc.o
 .text.RTC_OutputTypeConfig
                0x00000000       0x30 ..\obj\stm32f30x_rtc.o
 .text.RTC_SynchroShiftConfig
                0x00000000       0x9c ..\obj\stm32f30x_rtc.o
 .text.RTC_ITConfig
                0x00000000       0x78 ..\obj\stm32f30x_rtc.o
 .text.RTC_GetFlagStatus
                0x00000000       0x44 ..\obj\stm32f30x_rtc.o
 .text.RTC_ClearFlag
                0x00000000       0x34 ..\obj\stm32f30x_rtc.o
 .text.RTC_GetITStatus
                0x00000000       0x70 ..\obj\stm32f30x_rtc.o
 .text.RTC_ClearITPendingBit
                0x00000000       0x38 ..\obj\stm32f30x_rtc.o
 .text.RTC_ByteToBcd2
                0x00000000       0x3c ..\obj\stm32f30x_rtc.o
 .text.RTC_Bcd2ToByte
                0x00000000       0x38 ..\obj\stm32f30x_rtc.o
 .debug_info    0x00000000      0xfde ..\obj\stm32f30x_rtc.o
 .debug_abbrev  0x00000000      0x1ae ..\obj\stm32f30x_rtc.o
 .debug_aranges
                0x00000000      0x1c0 ..\obj\stm32f30x_rtc.o
 .debug_ranges  0x00000000      0x1b0 ..\obj\stm32f30x_rtc.o
 .debug_line    0x00000000      0x7ac ..\obj\stm32f30x_rtc.o
 .debug_str     0x00000000      0xa9a ..\obj\stm32f30x_rtc.o
 .comment       0x00000000       0x71 ..\obj\stm32f30x_rtc.o
 .debug_frame   0x00000000      0x818 ..\obj\stm32f30x_rtc.o
 .ARM.attributes
                0x00000000       0x33 ..\obj\stm32f30x_rtc.o
 .text          0x00000000        0x0 ..\obj\syscalls.o
 .data          0x00000000        0x0 ..\obj\syscalls.o
 .bss           0x00000000        0x4 ..\obj\syscalls.o
 .text._sbrk    0x00000000       0x40 ..\obj\syscalls.o
 .text.link     0x00000000       0x1c ..\obj\syscalls.o
 .text._close   0x00000000       0x18 ..\obj\syscalls.o
 .text._fstat   0x00000000       0x20 ..\obj\syscalls.o
 .text._isatty  0x00000000       0x18 ..\obj\syscalls.o
 .text._lseek   0x00000000       0x1c ..\obj\syscalls.o
 .text._read    0x00000000       0x1c ..\obj\syscalls.o
 .text._write   0x00000000       0x1c ..\obj\syscalls.o
 .text.abort    0x00000000        0x8 ..\obj\syscalls.o
 .debug_info    0x00000000      0x3ee ..\obj\syscalls.o
 .debug_abbrev  0x00000000       0xe2 ..\obj\syscalls.o
 .debug_aranges
                0x00000000       0x60 ..\obj\syscalls.o
 .debug_ranges  0x00000000       0x50 ..\obj\syscalls.o
 .debug_line    0x00000000      0x16a ..\obj\syscalls.o
 .debug_str     0x00000000      0x2b4 ..\obj\syscalls.o
 .comment       0x00000000       0x71 ..\obj\syscalls.o
 .debug_frame   0x00000000      0x168 ..\obj\syscalls.o
 .ARM.attributes
                0x00000000       0x33 ..\obj\syscalls.o
 .text          0x00000000        0x0 ..\obj\MAX35101.o
 .bss           0x00000000        0x0 ..\obj\MAX35101.o
 .text.MAX35101_Read_Register
                0x00000000       0x64 ..\obj\MAX35101.o
 .text.MAX35101_Read_2WordValue
                0x00000000       0x74 ..\obj\MAX35101.o
 .text          0x00000000       0x14 ..\obj\startup_stm32f30x.o
 .data          0x00000000        0x0 ..\obj\startup_stm32f30x.o
 .bss           0x00000000        0x0 ..\obj\startup_stm32f30x.o
 .text          0x00000000        0x0 ..\obj\stm32f30x_usart.o
 .data          0x00000000        0x0 ..\obj\stm32f30x_usart.o
 .bss           0x00000000        0x0 ..\obj\stm32f30x_usart.o
 .text.USART_DeInit
                0x00000000       0xb8 ..\obj\stm32f30x_usart.o
 .text.USART_DirectionModeCmd
                0x00000000       0x3c ..\obj\stm32f30x_usart.o
 .text.USART_OverSampling8Cmd
                0x00000000       0x38 ..\obj\stm32f30x_usart.o
 .text.USART_OneBitMethodCmd
                0x00000000       0x38 ..\obj\stm32f30x_usart.o
 .text.USART_MSBFirstCmd
                0x00000000       0x38 ..\obj\stm32f30x_usart.o
 .text.USART_DataInvCmd
                0x00000000       0x38 ..\obj\stm32f30x_usart.o
 .text.USART_InvPinCmd
                0x00000000       0x3c ..\obj\stm32f30x_usart.o
 .text.USART_SWAPPinCmd
                0x00000000       0x38 ..\obj\stm32f30x_usart.o
 .text.USART_ReceiverTimeOutCmd
                0x00000000       0x38 ..\obj\stm32f30x_usart.o
 .text.USART_SetReceiverTimeOut
                0x00000000       0x2c ..\obj\stm32f30x_usart.o
 .text.USART_SetPrescaler
                0x00000000       0x38 ..\obj\stm32f30x_usart.o
 .text.USART_STOPModeCmd
                0x00000000       0x38 ..\obj\stm32f30x_usart.o
 .text.USART_StopModeWakeUpSourceConfig
                0x00000000       0x2c ..\obj\stm32f30x_usart.o
 .text.USART_AutoBaudRateCmd
                0x00000000       0x38 ..\obj\stm32f30x_usart.o
 .text.USART_AutoBaudRateConfig
                0x00000000       0x2c ..\obj\stm32f30x_usart.o
 .text.USART_ReceiveData
                0x00000000       0x20 ..\obj\stm32f30x_usart.o
 .text.USART_SetAddress
                0x00000000       0x30 ..\obj\stm32f30x_usart.o
 .text.USART_MuteModeCmd
                0x00000000       0x38 ..\obj\stm32f30x_usart.o
 .text.USART_MuteModeWakeUpConfig
                0x00000000       0x2c ..\obj\stm32f30x_usart.o
 .text.USART_AddressDetectionConfig
                0x00000000       0x2c ..\obj\stm32f30x_usart.o
 .text.USART_LINBreakDetectLengthConfig
                0x00000000       0x2c ..\obj\stm32f30x_usart.o
 .text.USART_LINCmd
                0x00000000       0x38 ..\obj\stm32f30x_usart.o
 .text.USART_HalfDuplexCmd
                0x00000000       0x38 ..\obj\stm32f30x_usart.o
 .text.USART_SetGuardTime
                0x00000000       0x3c ..\obj\stm32f30x_usart.o
 .text.USART_SmartCardCmd
                0x00000000       0x38 ..\obj\stm32f30x_usart.o
 .text.USART_SmartCardNACKCmd
                0x00000000       0x38 ..\obj\stm32f30x_usart.o
 .text.USART_SetAutoRetryCount
                0x00000000       0x30 ..\obj\stm32f30x_usart.o
 .text.USART_SetBlockLength
                0x00000000       0x30 ..\obj\stm32f30x_usart.o
 .text.USART_IrDAConfig
                0x00000000       0x2c ..\obj\stm32f30x_usart.o
 .text.USART_IrDACmd
                0x00000000       0x38 ..\obj\stm32f30x_usart.o
 .text.USART_DECmd
                0x00000000       0x38 ..\obj\stm32f30x_usart.o
 .text.USART_DEPolarityConfig
                0x00000000       0x2c ..\obj\stm32f30x_usart.o
 .text.USART_SetDEAssertionTime
                0x00000000       0x30 ..\obj\stm32f30x_usart.o
 .text.USART_SetDEDeassertionTime
                0x00000000       0x30 ..\obj\stm32f30x_usart.o
 .text.USART_DMACmd
                0x00000000       0x3c ..\obj\stm32f30x_usart.o
 .text.USART_DMAReceptionErrorConfig
                0x00000000       0x2c ..\obj\stm32f30x_usart.o
 .text.USART_ITConfig
                0x00000000       0x84 ..\obj\stm32f30x_usart.o
 .text.USART_RequestCmd
                0x00000000       0x48 ..\obj\stm32f30x_usart.o
 .text.USART_OverrunDetectionConfig
                0x00000000       0x2c ..\obj\stm32f30x_usart.o
 .text.USART_GetFlagStatus
                0x00000000       0x34 ..\obj\stm32f30x_usart.o
 .text.USART_ClearFlag
                0x00000000       0x1c ..\obj\stm32f30x_usart.o
 .text.USART_GetITStatus
                0x00000000       0xa0 ..\obj\stm32f30x_usart.o
 .text.USART_ClearITPendingBit
                0x00000000       0x34 ..\obj\stm32f30x_usart.o
 .text          0x00000000      0x21c c:/program files (x86)/gnu tools arm embedded/4.9 2015q3/bin/../lib/gcc/arm-none-eabi/4.9.3/armv7e-m\libgcc.a(_arm_addsubsf3.o)
 .data          0x00000000        0x0 c:/program files (x86)/gnu tools arm embedded/4.9 2015q3/bin/../lib/gcc/arm-none-eabi/4.9.3/armv7e-m\libgcc.a(_arm_addsubsf3.o)
 .bss           0x00000000        0x0 c:/program files (x86)/gnu tools arm embedded/4.9 2015q3/bin/../lib/gcc/arm-none-eabi/4.9.3/armv7e-m\libgcc.a(_arm_addsubsf3.o)
 .ARM.attributes
                0x00000000       0x1e c:/program files (x86)/gnu tools arm embedded/4.9 2015q3/bin/../lib/gcc/arm-none-eabi/4.9.3/armv7e-m\libgcc.a(_arm_addsubsf3.o)
 .text          0x00000000      0x2a0 c:/program files (x86)/gnu tools arm embedded/4.9 2015q3/bin/../lib/gcc/arm-none-eabi/4.9.3/armv7e-m\libgcc.a(_arm_muldivsf3.o)
 .data          0x00000000        0x0 c:/program files (x86)/gnu tools arm embedded/4.9 2015q3/bin/../lib/gcc/arm-none-eabi/4.9.3/armv7e-m\libgcc.a(_arm_muldivsf3.o)
 .bss           0x00000000        0x0 c:/program files (x86)/gnu tools arm embedded/4.9 2015q3/bin/../lib/gcc/arm-none-eabi/4.9.3/armv7e-m\libgcc.a(_arm_muldivsf3.o)
 .ARM.attributes
                0x00000000       0x1e c:/program files (x86)/gnu tools arm embedded/4.9 2015q3/bin/../lib/gcc/arm-none-eabi/4.9.3/armv7e-m\libgcc.a(_arm_muldivsf3.o)
 .text          0x00000000       0xec c:/program files (x86)/gnu tools arm embedded/4.9 2015q3/bin/../lib/gcc/arm-none-eabi/4.9.3/armv7e-m\libgcc.a(_arm_cmpsf2.o)
 .data          0x00000000        0x0 c:/program files (x86)/gnu tools arm embedded/4.9 2015q3/bin/../lib/gcc/arm-none-eabi/4.9.3/armv7e-m\libgcc.a(_arm_cmpsf2.o)
 .bss           0x00000000        0x0 c:/program files (x86)/gnu tools arm embedded/4.9 2015q3/bin/../lib/gcc/arm-none-eabi/4.9.3/armv7e-m\libgcc.a(_arm_cmpsf2.o)
 .ARM.attributes
                0x00000000       0x1e c:/program files (x86)/gnu tools arm embedded/4.9 2015q3/bin/../lib/gcc/arm-none-eabi/4.9.3/armv7e-m\libgcc.a(_arm_cmpsf2.o)
 .text          0x00000000       0x40 c:/program files (x86)/gnu tools arm embedded/4.9 2015q3/bin/../lib/gcc/arm-none-eabi/4.9.3/armv7e-m\libgcc.a(_arm_fixunssfsi.o)
 .data          0x00000000        0x0 c:/program files (x86)/gnu tools arm embedded/4.9 2015q3/bin/../lib/gcc/arm-none-eabi/4.9.3/armv7e-m\libgcc.a(_arm_fixunssfsi.o)
 .bss           0x00000000        0x0 c:/program files (x86)/gnu tools arm embedded/4.9 2015q3/bin/../lib/gcc/arm-none-eabi/4.9.3/armv7e-m\libgcc.a(_arm_fixunssfsi.o)
 .ARM.attributes
                0x00000000       0x1e c:/program files (x86)/gnu tools arm embedded/4.9 2015q3/bin/../lib/gcc/arm-none-eabi/4.9.3/armv7e-m\libgcc.a(_arm_fixunssfsi.o)

Memory Configuration

Name             Origin             Length             Attributes
rom              0x08000000         0x00040000         xr
ram              0x20000000         0x0000a000         xrw
ram1             0x10000000         0x00002000         xrw
*default*        0x00000000         0xffffffff

Linker script and memory map

                0x2000a000                _eram = 0x2000a000

.text           0x08000000     0x1536
 *(.isr_vector)
 .isr_vector    0x08000000      0x188 ..\obj\startup_stm32f30x.o
                0x08000000                g_pfnVectors
 *(.text*)
 .text.RCC_GetClocksFreq
                0x08000188      0x414 ..\obj\stm32f30x_rcc.o
                0x08000188                RCC_GetClocksFreq
 .text.RCC_AHBPeriphClockCmd
                0x0800059c       0x3c ..\obj\stm32f30x_rcc.o
                0x0800059c                RCC_AHBPeriphClockCmd
 .text.RCC_APB2PeriphClockCmd
                0x080005d8       0x3c ..\obj\stm32f30x_rcc.o
                0x080005d8                RCC_APB2PeriphClockCmd
 .text.RCC_APB1PeriphClockCmd
                0x08000614       0x3c ..\obj\stm32f30x_rcc.o
                0x08000614                RCC_APB1PeriphClockCmd
 .text.RCC_APB2PeriphResetCmd
                0x08000650       0x3c ..\obj\stm32f30x_rcc.o
                0x08000650                RCC_APB2PeriphResetCmd
 .text.RCC_APB1PeriphResetCmd
                0x0800068c       0x3c ..\obj\stm32f30x_rcc.o
                0x0800068c                RCC_APB1PeriphResetCmd
 .text.GPIO_Init
                0x080006c8      0x128 ..\obj\stm32f30x_gpio.o
                0x080006c8                GPIO_Init
 .text.GPIO_SetBits
                0x080007f0       0x1c ..\obj\stm32f30x_gpio.o
                0x080007f0                GPIO_SetBits
 .text.GPIO_ResetBits
                0x0800080c       0x1c ..\obj\stm32f30x_gpio.o
                0x0800080c                GPIO_ResetBits
 .text.GPIO_PinAFConfig
                0x08000828       0x90 ..\obj\stm32f30x_gpio.o
                0x08000828                GPIO_PinAFConfig
 .text.main     0x080008b8      0x14c ..\obj\main.o
                0x080008b8                main
 .text.delay    0x08000a04       0x3c ..\obj\main.o
                0x08000a04                delay
 .text.ucInit   0x08000a40       0x14 ..\obj\main.o
                0x08000a40                ucInit
 .text.ucGPIOInit
                0x08000a54       0x7c ..\obj\main.o
                0x08000a54                ucGPIOInit
 .text.MAX35101Init
                0x08000ad0       0xe0 ..\obj\main.o
                0x08000ad0                MAX35101Init
 .text.ucUSARTInit
                0x08000bb0       0x8c ..\obj\main.o
                0x08000bb0                ucUSARTInit
 .text.uart_puts
                0x08000c3c       0x30 ..\obj\main.o
                0x08000c3c                uart_puts
 .text.SPI_I2S_DeInit
                0x08000c6c       0x74 ..\obj\stm32f30x_spi.o
                0x08000c6c                SPI_I2S_DeInit
 .text.SPI_Init
                0x08000ce0      0x114 ..\obj\stm32f30x_spi.o
                0x08000ce0                SPI_Init
 .text.SPI_Cmd  0x08000df4       0x40 ..\obj\stm32f30x_spi.o
                0x08000df4                SPI_Cmd
 .text.SPI_RxFIFOThresholdConfig
                0x08000e34       0x38 ..\obj\stm32f30x_spi.o
                0x08000e34                SPI_RxFIFOThresholdConfig
 .text.SPI_SendData8
                0x08000e6c       0x2c ..\obj\stm32f30x_spi.o
                0x08000e6c                SPI_SendData8
 .text.SPI_ReceiveData8
                0x08000e98       0x28 ..\obj\stm32f30x_spi.o
                0x08000e98                SPI_ReceiveData8
 .text.SPI_I2S_GetFlagStatus
                0x08000ec0       0x38 ..\obj\stm32f30x_spi.o
                0x08000ec0                SPI_I2S_GetFlagStatus
 .text.SystemInit1
                0x08000ef8       0x80 ..\obj\system_stm32f30x_temp.o
                0x08000ef8                SystemInit
                0x08000ef8                SystemInit1
 .text.SetSysClock1
                0x08000f78       0xe0 ..\obj\system_stm32f30x_temp.o
                0x08000f78                SetSysClock
 .text.MAX35101_TIMEOUT_UserCallback
                0x08001058       0x40 ..\obj\MAX35101.o
                0x08001058                MAX35101_TIMEOUT_UserCallback
 .text.MAX35101_SendByte
                0x08001098       0x8c ..\obj\MAX35101.o
                0x08001098                MAX35101_SendByte
 .text.MAX35101_Send_Opcode
                0x08001124       0x38 ..\obj\MAX35101.o
                0x08001124                MAX35101_Send_Opcode
 .text.MAX35101_Write_Register
                0x0800115c       0x58 ..\obj\MAX35101.o
                0x0800115c                MAX35101_Write_Register
 .text.MAX35101_SendConfigs
                0x080011b4       0xb8 ..\obj\MAX35101.o
                0x080011b4                MAX35101_SendConfigs
 .text.Reset_Handler
                0x0800126c       0x44 ..\obj\startup_stm32f30x.o
                0x0800126c                Reset_Handler
 .text.Default_Handler
                0x080012b0        0x2 ..\obj\startup_stm32f30x.o
                0x080012b0                RTC_Alarm_IRQHandler
                0x080012b0                TIM8_TRG_COM_IRQHandler
                0x080012b0                TIM8_CC_IRQHandler
                0x080012b0                DebugMon_Handler
                0x080012b0                TIM1_CC_IRQHandler
                0x080012b0                HardFault_Handler
                0x080012b0                USB_HP_IRQHandler
                0x080012b0                SysTick_Handler
                0x080012b0                PVD_IRQHandler
                0x080012b0                PendSV_Handler
                0x080012b0                NMI_Handler
                0x080012b0                EXTI3_IRQHandler
                0x080012b0                EXTI0_IRQHandler
                0x080012b0                I2C2_EV_IRQHandler
                0x080012b0                FPU_IRQHandler
                0x080012b0                EXTI2_TS_IRQHandler
                0x080012b0                TIM1_UP_TIM16_IRQHandler
                0x080012b0                UsageFault_Handler
                0x080012b0                ADC1_2_IRQHandler
                0x080012b0                SPI1_IRQHandler
                0x080012b0                TIM6_DAC_IRQHandler
                0x080012b0                TIM8_UP_IRQHandler
                0x080012b0                DMA2_Channel2_IRQHandler
                0x080012b0                DMA1_Channel4_IRQHandler
                0x080012b0                USART3_IRQHandler
                0x080012b0                DMA1_Channel7_IRQHandler
                0x080012b0                CAN1_RX1_IRQHandler
                0x080012b0                UART5_IRQHandler
                0x080012b0                ADC3_IRQHandler
                0x080012b0                TIM4_IRQHandler
                0x080012b0                DMA2_Channel1_IRQHandler
                0x080012b0                I2C1_EV_IRQHandler
                0x080012b0                DMA1_Channel6_IRQHandler
                0x080012b0                UART4_IRQHandler
                0x080012b0                DMA2_Channel4_IRQHandler
                0x080012b0                TIM3_IRQHandler
                0x080012b0                RCC_IRQHandler
                0x080012b0                DMA1_Channel1_IRQHandler
                0x080012b0                Default_Handler
                0x080012b0                USBWakeUp_RMP_IRQHandler
                0x080012b0                EXTI15_10_IRQHandler
                0x080012b0                TIM7_IRQHandler
                0x080012b0                EXTI9_5_IRQHandler
                0x080012b0                TAMPER_STAMP_IRQHandler
                0x080012b0                RTC_WKUP_IRQHandler
                0x080012b0                SPI2_IRQHandler
                0x080012b0                MemManage_Handler
                0x080012b0                SVC_Handler
                0x080012b0                DMA2_Channel5_IRQHandler
                0x080012b0                DMA1_Channel5_IRQHandler
                0x080012b0                USB_LP_IRQHandler
                0x080012b0                EXTI4_IRQHandler
                0x080012b0                USB_LP_CAN1_RX0_IRQHandler
                0x080012b0                TIM1_TRG_COM_TIM17_IRQHandler
                0x080012b0                USB_HP_CAN1_TX_IRQHandler
                0x080012b0                DMA1_Channel3_IRQHandler
                0x080012b0                ADC4_IRQHandler
                0x080012b0                WWDG_IRQHandler
                0x080012b0                TIM2_IRQHandler
                0x080012b0                COMP7_IRQHandler
                0x080012b0                COMP1_2_3_IRQHandler
                0x080012b0                EXTI1_IRQHandler
                0x080012b0                USART2_IRQHandler
                0x080012b0                COMP4_5_6_IRQHandler
                0x080012b0                I2C2_ER_IRQHandler
                0x080012b0                DMA1_Channel2_IRQHandler
                0x080012b0                TIM8_BRK_IRQHandler
                0x080012b0                CAN1_SCE_IRQHandler
                0x080012b0                FLASH_IRQHandler
                0x080012b0                BusFault_Handler
                0x080012b0                USART1_IRQHandler
                0x080012b0                SPI3_IRQHandler
                0x080012b0                I2C1_ER_IRQHandler
                0x080012b0                USBWakeUp_IRQHandler
                0x080012b0                DMA2_Channel3_IRQHandler
                0x080012b0                TIM1_BRK_TIM15_IRQHandler
 *fill*         0x080012b2        0x2 
 .text.USART_Init
                0x080012b4      0x174 ..\obj\stm32f30x_usart.o
                0x080012b4                USART_Init
 .text.USART_StructInit
                0x08001428       0x38 ..\obj\stm32f30x_usart.o
                0x08001428                USART_StructInit
 .text.USART_ClockInit
                0x08001460       0x48 ..\obj\stm32f30x_usart.o
                0x08001460                USART_ClockInit
 .text.USART_ClockStructInit
                0x080014a8       0x2c ..\obj\stm32f30x_usart.o
                0x080014a8                USART_ClockStructInit
 .text.USART_Cmd
                0x080014d4       0x38 ..\obj\stm32f30x_usart.o
                0x080014d4                USART_Cmd
 .text.USART_SendData
                0x0800150c       0x24 ..\obj\stm32f30x_usart.o
                0x0800150c                USART_SendData
 *(.init)
 *(.fini)
 *crtbegin.o(.ctors)
 *crtbegin?.o(.ctors)
 *(EXCLUDE_FILE(*crtend.o *crtend?.o) .ctors)
 *(SORT(.ctors.*))
 *(.ctors)
 *crtbegin.o(.dtors)
 *crtbegin?.o(.dtors)
 *(EXCLUDE_FILE(*crtend.o *crtend?.o) .dtors)
 *(SORT(.dtors.*))
 *(.dtors)
 *(.rodata*)
 .rodata        0x08001530        0x6 ..\obj\main.o
 *(.eh_fram e*)

.glue_7         0x08001538        0x0
 .glue_7        0x00000000        0x0 linker stubs

.glue_7t        0x08001538        0x0
 .glue_7t       0x00000000        0x0 linker stubs

.vfp11_veneer   0x08001538        0x0
 .vfp11_veneer  0x00000000        0x0 linker stubs

.v4_bx          0x08001538        0x0
 .v4_bx         0x00000000        0x0 linker stubs

.iplt           0x08001538        0x0
 .iplt          0x00000000        0x0 ..\obj\stm32f30x_rcc.o

.rel.dyn        0x08001538        0x0
 .rel.iplt      0x00000000        0x0 ..\obj\stm32f30x_rcc.o

.ARM.extab
 *(.ARM.extab* .gnu.linkonce.armextab.*)
                0x08001538                __exidx_start = .

.ARM.exidx
 *(.ARM.exidx* .gnu.linkonce.armexidx.*)
                0x08001538                __exidx_end = .
                0x08001538                __etext = .
                0x08001536                _sidata = __etext

.data           0x20000000       0x30 load address 0x08001536
                0x20000000                __data_start__ = .
                0x20000000                _sdata = __data_start__
 *(vtable)
 *(.data*)
 .data          0x20000000       0x2a ..\obj\stm32f30x_rcc.o
 *fill*         0x2000002a        0x2 
 .data          0x2000002c        0x4 ..\obj\MAX35101.o
                0x2000002c                MAX35101Timeout
                0x20000030                . = ALIGN (0x4)
                0x20000030                PROVIDE (__preinit_array_start, .)
 *(.preinit_array)
                0x20000030                PROVIDE (__preinit_array_end, .)
                0x20000030                . = ALIGN (0x4)
                0x20000030                PROVIDE (__init_array_start, .)
 *(SORT(.init_array.*))
 *(.init_array)
                0x20000030                PROVIDE (__init_array_end, .)
                0x20000030                . = ALIGN (0x4)
                0x20000030                PROVIDE (__fini_array_start, .)
 *(SORT(.fini_array.*))
 *(.fini_array)
                0x20000030                PROVIDE (__fini_array_end, .)
 *(.jcr*)
                0x20000030                . = ALIGN (0x4)
                0x20000030                __data_end__ = .
                0x20000030                _edata = __data_end__

.igot.plt       0x20000030        0x0 load address 0x08001568
 .igot.plt      0x00000000        0x0 ..\obj\stm32f30x_rcc.o

.bss            0x20000030        0x4 load address 0x08001566
                0x20000030                . = ALIGN (0x4)
                0x20000030                __bss_start__ = .
                0x20000030                _sbss = __bss_start__
 *(.bss*)
 .bss           0x20000030        0x1 ..\obj\main.o
 *(COMMON)
                0x20000034                . = ALIGN (0x4)
 *fill*         0x20000031        0x3 
                0x20000034                __bss_end__ = .
                0x20000034                _ebss = __bss_end__

.heap           0x20000034        0x0
                0x20000034                __end__ = .
                0x20000034                _end = __end__
                0x20000034                end = __end__
 *(.heap*)
                0x20000034                __HeapLimit = .

.co_stack       0x20000034        0x4 load address 0x0800156a
                0x20000038                . = ALIGN (0x8)
 *fill*         0x20000034        0x4 
 *(.co_stack .co_stack.*)
                0x2000a000                __StackTop = (ORIGIN (ram) + 0xa000)
                0x20009ffc                __StackLimit = (__StackTop - SIZEOF (.co_stack))
                0x2000a000                PROVIDE (__stack, __StackTop)
                0x00000001                ASSERT ((__StackLimit >= __HeapLimit), region ram  overflowed with stack)
LOAD ..\obj\stm32f30x_rcc.o
LOAD ..\obj\stm32f30x_adc.o
LOAD ..\obj\stm32f30x_gpio.o
LOAD ..\obj\main.o
LOAD ..\obj\stm32f30x_dma.o
LOAD ..\obj\printf.o
LOAD ..\obj\stm32f30x_spi.o
LOAD ..\obj\stm32f30x_i2c.o
LOAD ..\obj\system_stm32f30x_temp.o
LOAD ..\obj\stm32f30x_rtc.o
LOAD ..\obj\syscalls.o
LOAD ..\obj\MAX35101.o
LOAD ..\obj\startup_stm32f30x.o
LOAD ..\obj\stm32f30x_usart.o
START GROUP
LOAD c:/program files (x86)/gnu tools arm embedded/4.9 2015q3/bin/../lib/gcc/arm-none-eabi/4.9.3/armv7e-m\libgcc.a
LOAD c:/program files (x86)/gnu tools arm embedded/4.9 2015q3/bin/../lib/gcc/arm-none-eabi/4.9.3/../../../../arm-none-eabi/lib/armv7e-m\libg.a
LOAD c:/program files (x86)/gnu tools arm embedded/4.9 2015q3/bin/../lib/gcc/arm-none-eabi/4.9.3/../../../../arm-none-eabi/lib/armv7e-m\libc.a
END GROUP
OUTPUT(Water.elf elf32-littlearm)

.debug_info     0x00000000     0x3e9b
 .debug_info    0x00000000      0xaac ..\obj\stm32f30x_rcc.o
 .debug_info    0x00000aac      0x5fa ..\obj\stm32f30x_gpio.o
 .debug_info    0x000010a6      0x8d7 ..\obj\main.o
 .debug_info    0x0000197d      0xb72 ..\obj\stm32f30x_spi.o
 .debug_info    0x000024ef      0x498 ..\obj\system_stm32f30x_temp.o
 .debug_info    0x00002987      0x5c9 ..\obj\MAX35101.o
 .debug_info    0x00002f50       0x8f ..\obj\startup_stm32f30x.o
 .debug_info    0x00002fdf      0xebc ..\obj\stm32f30x_usart.o

.debug_abbrev   0x00000000      0xa8d
 .debug_abbrev  0x00000000      0x1e3 ..\obj\stm32f30x_rcc.o
 .debug_abbrev  0x000001e3      0x194 ..\obj\stm32f30x_gpio.o
 .debug_abbrev  0x00000377      0x1d1 ..\obj\main.o
 .debug_abbrev  0x00000548      0x189 ..\obj\stm32f30x_spi.o
 .debug_abbrev  0x000006d1      0x145 ..\obj\system_stm32f30x_temp.o
 .debug_abbrev  0x00000816      0x110 ..\obj\MAX35101.o
 .debug_abbrev  0x00000926       0x12 ..\obj\startup_stm32f30x.o
 .debug_abbrev  0x00000938      0x155 ..\obj\stm32f30x_usart.o

.debug_aranges  0x00000000      0x598
 .debug_aranges
                0x00000000      0x150 ..\obj\stm32f30x_rcc.o
 .debug_aranges
                0x00000150       0x80 ..\obj\stm32f30x_gpio.o
 .debug_aranges
                0x000001d0       0x68 ..\obj\main.o
 .debug_aranges
                0x00000238      0x118 ..\obj\stm32f30x_spi.o
 .debug_aranges
                0x00000350       0x30 ..\obj\system_stm32f30x_temp.o
 .debug_aranges
                0x00000380       0x50 ..\obj\MAX35101.o
 .debug_aranges
                0x000003d0       0x28 ..\obj\startup_stm32f30x.o
 .debug_aranges
                0x000003f8      0x1a0 ..\obj\stm32f30x_usart.o

.debug_ranges   0x00000000      0x520
 .debug_ranges  0x00000000      0x140 ..\obj\stm32f30x_rcc.o
 .debug_ranges  0x00000140       0x70 ..\obj\stm32f30x_gpio.o
 .debug_ranges  0x000001b0       0x58 ..\obj\main.o
 .debug_ranges  0x00000208      0x108 ..\obj\stm32f30x_spi.o
 .debug_ranges  0x00000310       0x20 ..\obj\system_stm32f30x_temp.o
 .debug_ranges  0x00000330       0x40 ..\obj\MAX35101.o
 .debug_ranges  0x00000370       0x20 ..\obj\startup_stm32f30x.o
 .debug_ranges  0x00000390      0x190 ..\obj\stm32f30x_usart.o

.debug_line     0x00000000     0x1c59
 .debug_line    0x00000000      0x572 ..\obj\stm32f30x_rcc.o
 .debug_line    0x00000572      0x304 ..\obj\stm32f30x_gpio.o
 .debug_line    0x00000876      0x424 ..\obj\main.o
 .debug_line    0x00000c9a      0x4d4 ..\obj\stm32f30x_spi.o
 .debug_line    0x0000116e      0x1eb ..\obj\system_stm32f30x_temp.o
 .debug_line    0x00001359      0x26d ..\obj\MAX35101.o
 .debug_line    0x000015c6       0x9c ..\obj\startup_stm32f30x.o
 .debug_line    0x00001662      0x5f7 ..\obj\stm32f30x_usart.o

.debug_str      0x00000000     0x199b
 .debug_str     0x00000000      0x75a ..\obj\stm32f30x_rcc.o
                                0x7f0 (size before relaxing)
 .debug_str     0x0000075a      0x320 ..\obj\stm32f30x_gpio.o
                                0x49b (size before relaxing)
 .debug_str     0x00000a7a      0x32f ..\obj\main.o
                                0x656 (size before relaxing)
 .debug_str     0x00000da9      0x3cb ..\obj\stm32f30x_spi.o
                                0x7c3 (size before relaxing)
 .debug_str     0x00001174       0xf5 ..\obj\system_stm32f30x_temp.o
                                0x306 (size before relaxing)
 .debug_str     0x00001269      0x135 ..\obj\MAX35101.o
                                0x371 (size before relaxing)
 .debug_str     0x0000139e      0x5fd ..\obj\stm32f30x_usart.o
                                0x9fb (size before relaxing)

.comment        0x00000000       0x70
 .comment       0x00000000       0x70 ..\obj\stm32f30x_rcc.o
                                 0x71 (size before relaxing)
 .comment       0x00000000       0x71 ..\obj\stm32f30x_gpio.o
 .comment       0x00000000       0x71 ..\obj\main.o
 .comment       0x00000000       0x71 ..\obj\stm32f30x_spi.o
 .comment       0x00000000       0x71 ..\obj\system_stm32f30x_temp.o
 .comment       0x00000000       0x71 ..\obj\MAX35101.o
 .comment       0x00000000       0x71 ..\obj\stm32f30x_usart.o

.ARM.attributes
                0x00000000       0x31
 .ARM.attributes
                0x00000000       0x33 ..\obj\stm32f30x_rcc.o
 .ARM.attributes
                0x00000033       0x33 ..\obj\stm32f30x_gpio.o
 .ARM.attributes
                0x00000066       0x33 ..\obj\main.o
 .ARM.attributes
                0x00000099       0x33 ..\obj\stm32f30x_spi.o
 .ARM.attributes
                0x000000cc       0x33 ..\obj\system_stm32f30x_temp.o
 .ARM.attributes
                0x000000ff       0x33 ..\obj\MAX35101.o
 .ARM.attributes
                0x00000132       0x21 ..\obj\startup_stm32f30x.o
 .ARM.attributes
                0x00000153       0x33 ..\obj\stm32f30x_usart.o

.debug_frame    0x00000000     0x17d0
 .debug_frame   0x00000000      0x60c ..\obj\stm32f30x_rcc.o
 .debug_frame   0x0000060c      0x214 ..\obj\stm32f30x_gpio.o
 .debug_frame   0x00000820      0x174 ..\obj\main.o
 .debug_frame   0x00000994      0x508 ..\obj\stm32f30x_spi.o
 .debug_frame   0x00000e9c       0x7c ..\obj\system_stm32f30x_temp.o
 .debug_frame   0x00000f18      0x108 ..\obj\MAX35101.o
 .debug_frame   0x00001020      0x7b0 ..\obj\stm32f30x_usart.o
